09-08-2018 Thu [15:44.52]  logging_string()
09-08-2018 Thu [15:44.52]  logging_str()
09-08-2018 Thu [15:44.55]  logging_string()
09-08-2018 Thu [15:44.55]  logging_str()
logging_reverse_format() 09-08-2018 Thu [15:46.03] 
09-08-2018 Thu [15:46.03]  logging_str()
09-08-2018 Thu [15:46.03]  logging_string()
09-08-2018 Thu [15:46.07]  logging_str()
09-08-2018 Thu [15:46.07]  logging_string()
logging_reverse_format() 09-08-2018 Thu [15:46.07] 
09-08-2018 Thu [15:46.09]  logging_str()
09-08-2018 Thu [15:46.09]  logging_string()
logging_reverse_format() 09-08-2018 Thu [15:46.09] 
logging_reverse_format() 09-08-2018 Thu [15:46.40] 
09-08-2018 Thu [15:46.40]  logging_str()
09-08-2018 Thu [15:46.40]  logging_string()
logging_reverse_format() 09-08-2018 Thu [15:46.45] 
09-08-2018 Thu [15:46.45]  logging_str()
09-08-2018 Thu [15:46.45]  logging_string()
09-08-2018 Thu [15:55.41]  logging_string()
09-08-2018 Thu [15:55.41]  logging_str()
logging_reverse_format() 09-08-2018 Thu [15:55.41] 
